// Jest Snapshot v1, https://goo.gl/fbAQLP

exports[`should render LanguageTextItem correctly 1`] = `
<LanguageItem
  code="gb"
>
  <span
    className="h5 mt-2"
  >
    test-text
  </span>
</LanguageItem>
`;
