// Jest Snapshot v1, https://goo.gl/fbAQLP

exports[`should render LanguageLinkItem correctly 1`] = `
<LanguageItem
  code="gb"
>
  <a
    className="h5 mt-2"
    href="test-url"
    rel="noopener noreferrer"
    target="_blank"
  >
    test-text
  </a>
</LanguageItem>
`;
