// Jest Snapshot v1, https://goo.gl/fbAQLP

exports[`should render Header correctly 1`] = `
<header
  className="header"
  id="header"
>
  <div
    className="header__text"
  >
    <h1>
      <Trans
        t={
          [MockFunction] {
            "calls": Array [
              Array [
                "business-card-header-occupation",
              ],
              Array [
                "business-card-header-about-me",
              ],
              Array [
                "business-card-header-portfolio",
              ],
            ],
            "results": Array [
              Object {
                "type": "return",
                "value": "business-card-header-occupation",
              },
              Object {
                "type": "return",
                "value": "business-card-header-about-me",
              },
              Object {
                "type": "return",
                "value": "business-card-header-portfolio",
              },
            ],
          }
        }
      >
        business-card-header-title
      </Trans>
    </h1>
    <h5
      className="header__text-subtitle"
    >
      business-card-header-occupation
    </h5>
    <a
      className="btn btn-primary btn-lg"
      href="#about"
    >
      business-card-header-about-me
    </a>
    <a
      className="btn btn-primary btn-lg"
      href="#portfolio"
    >
      business-card-header-portfolio
    </a>
  </div>
</header>
`;
